// Jest Snapshot v1, https://goo.gl/fbAQLP

exports[`renders correctly 1`] = `
<Fragment>
  <Styled(div)>
    <Link
      style={
        Object {
          "color": "black",
          "textDecoration": "none",
        }
      }
      to="/"
    >
      <Styled(div)>
        <h2>
          PET
        </h2>
        <img
          alt="dog"
          src="dog.svg"
        />
        <h2>
          PROJECT
        </h2>
      </Styled(div)>
    </Link>
    <Styled(nav)>
      <Link
        to="Charts"
      >
        Charts
      </Link>
      <Link
        to="Weather"
      >
        Weather
      </Link>
      <Link
        to="reactfeatures"
      >
        React Features
      </Link>
    </Styled(nav)>
  </Styled(div)>
  <Outlet />
</Fragment>
`;
