// Jest Snapshot v1, https://goo.gl/fbAQLP

exports[`Temperature chart component should render canvas element with data array 1`] = `
<canvas
  height={150}
  role="img"
  width={300}
/>
`;

exports[`Temperature chart component should render canvas element with empty data array 1`] = `
<canvas
  height={150}
  role="img"
  width={300}
/>
`;
